[debug] [2026-05-05T00:57:29.480Z] ----------------------------------------------------------------------
[debug] [2026-05-05T00:57:29.482Z] Command:       C:\Program Files\nodejs\node.exe C:\Users\red_bala\AppData\Roaming\npm\node_modules\firebase-tools\lib\bin\firebase.js init emulators
[debug] [2026-05-05T00:57:29.482Z] CLI Version:   15.16.0
[debug] [2026-05-05T00:57:29.482Z] Platform:      win32
[debug] [2026-05-05T00:57:29.482Z] Node Version:  v24.14.1
[debug] [2026-05-05T00:57:29.482Z] Time:          Mon May 04 2026 21:57:29 GMT-0300 (Horário Padrão de Brasília)
[debug] [2026-05-05T00:57:29.482Z] ----------------------------------------------------------------------
[debug] 
[debug] [2026-05-05T00:57:29.483Z] >>> [apiv2][query] GET https://firebase-public.firebaseio.com/cli.json [none]
[info] 
     ######## #### ########  ######## ########     ###     ######  ########
     ##        ##  ##     ## ##       ##     ##  ##   ##  ##       ##
     ######    ##  ########  ######   ########  #########  ######  ######
     ##        ##  ##    ##  ##       ##     ## ##     ##       ## ##
     ##       #### ##     ## ######## ########  ##     ##  ######  ########

You're about to initialize a Firebase project in this directory:

  C:\Users\red_bala\Dropbox\cs-torneio

[debug] [2026-05-05T00:57:30.734Z] <<< [apiv2][status] GET https://firebase-public.firebaseio.com/cli.json 200
[debug] [2026-05-05T00:57:30.734Z] <<< [apiv2][body] GET https://firebase-public.firebaseio.com/cli.json {"cloudBuildErrorAfter":1594252800000,"cloudBuildWarnAfter":1590019200000,"defaultNode10After":1594252800000,"minVersion":"3.0.5","node8DeploysDisabledAfter":1613390400000,"node8RuntimeDisabledAfter":1615809600000,"node8WarnAfter":1600128000000}
[info] 
=== Project Setup
[info] 
[info] First, let's associate this project directory with a Firebase project.
[info] You can create multiple project aliases by running firebase use --add, 
[info] 
[debug] [2026-05-05T00:57:45.547Z] > command requires scopes: ["email","openid","https://www.googleapis.com/auth/cloudplatformprojects.readonly","https://www.googleapis.com/auth/firebase","https://www.googleapis.com/auth/cloud-platform"]
[debug] [2026-05-05T00:57:45.548Z] > authorizing via signed-in user (t.redbala@gmail.com)
[debug] [2026-05-05T00:57:45.548Z] Checked if tokens are valid: false, expires at: 1775878248229
[debug] [2026-05-05T00:57:45.548Z] Checked if tokens are valid: false, expires at: 1775878248229
[debug] [2026-05-05T00:57:45.548Z] > refreshing access token with scopes: []
[debug] [2026-05-05T00:57:45.549Z] >>> [apiv2][query] POST https://www.googleapis.com/oauth2/v3/token [none]
[debug] [2026-05-05T00:57:45.549Z] >>> [apiv2][body] POST https://www.googleapis.com/oauth2/v3/token [omitted]
[debug] [2026-05-05T00:57:46.002Z] <<< [apiv2][status] POST https://www.googleapis.com/oauth2/v3/token 200
[debug] [2026-05-05T00:57:46.002Z] <<< [apiv2][body] POST https://www.googleapis.com/oauth2/v3/token [omitted]
[debug] [2026-05-05T00:57:46.015Z] >>> [apiv2][query] GET https://firebase.googleapis.com/v1beta1/projects pageSize=100
[debug] [2026-05-05T00:57:47.028Z] <<< [apiv2][status] GET https://firebase.googleapis.com/v1beta1/projects 200
[debug] [2026-05-05T00:57:47.028Z] <<< [apiv2][body] GET https://firebase.googleapis.com/v1beta1/projects [omitted]
[info] 
=== Emulators Setup
